*******************************************
***COMSOL 6.4.0.293 progress output file***
*******************************************
Fri Jul 24 07:44:15 CST 2026
COMSOL Multiphysics 6.4 (开发版本: 293) 在批处理模式下启动
正在运行: /media/liu/research/linux/edg-muxi/edg-acoustics/examples/wave_based_room/ExportWaveBasedRoomMesh.class
           当前进度:   0 % - 自由四面体网格 1
Memory: 1072/1072 10583/10583
           当前进度:   0 % - 正在创建边界网格
Memory: 1068/1072 10583/10583
顶点单元数：468
           当前进度:   1 % - 正在创建边界网格
Memory: 1095/1095 10647/10647
-          当前进度:  12 % - 调整边界网格
Memory: 1141/1141 10610/10647
--         当前进度:  21 % - 正在创建边界网格
Memory: 1143/1143 10610/10647
--         当前进度:  22 % - 正在创建边界网格
边单元数：4426
边界单元数：35664
---        当前进度:  38 % - 正在创建初始四面体网格
Memory: 1148/1148 10610/10647
-----      当前进度:  54 % - 相关边界
Memory: 1168/1168 10610/10647
--------   当前进度:  80 % - 正在插入内部点
Memory: 1185/1185 10613/10647
--------   当前进度:  89 % - 正在提高单元质量
Memory: 1186/1186 10623/10647
---------  当前进度:  93 % - 正在提高单元质量
Memory: 1189/1189 10612/10647
单元数：291609
最小单元质量：0.1734
---------- 当前进度: 100 % - 正在定型网格
Memory: 1165/1189 10590/10647
类运行时: 18 s.
总时间: 18 s.
